12:02:54 walk-forward from 2023-07-01 with params {'dropout': 0.30000000000000004, 'lr': 0.0028781002826092387, 'weight_decay': 0.0005717421310401361, 'w_return': 0.6000000000000001, 'lambda_turnover': 0.0, 'target_mode': 'raw'}
12:02:54 [mtl_nograph] fold 0: train 2019-01-04..2022-12-30 | val 2023-01-06..2023-06-30 | predict 2023-07-07..2023-09-29
12:06:23 [mtl_nograph] fold 0 done: best epochs [4]
12:06:23 [mtl_nograph] fold 1: train 2019-01-04..2023-03-31 | val 2023-04-07..2023-09-29 | predict 2023-10-06..2023-12-29
12:09:49 [mtl_nograph] fold 1 done: best epochs [1]
12:09:49 [mtl_nograph] fold 2: train 2019-01-04..2023-06-30 | val 2023-07-07..2023-12-29 | predict 2024-01-05..2024-03-29
12:13:56 [mtl_nograph] fold 2 done: best epochs [1]
12:13:56 [mtl_nograph] fold 3: train 2019-01-04..2023-09-29 | val 2023-10-06..2024-03-29 | predict 2024-04-05..2024-06-28
12:18:24 [mtl_nograph] fold 3 done: best epochs [1]
12:18:24 [mtl_nograph] fold 4: train 2019-01-04..2023-12-29 | val 2024-01-05..2024-06-28 | predict 2024-07-05..2024-09-27
12:23:37 [mtl_nograph] fold 4 done: best epochs [3]
12:23:37 [mtl_nograph] fold 5: train 2019-01-04..2024-03-29 | val 2024-04-05..2024-09-27 | predict 2024-10-04..2024-12-27
12:28:58 [mtl_nograph] fold 5 done: best epochs [3]
12:28:58 [mtl_nograph] fold 6: train 2019-01-04..2024-06-28 | val 2024-07-05..2024-12-27 | predict 2025-01-03..2025-03-28
12:55:19 [mtl_nograph] fold 6 done: best epochs [51]
12:55:19 [mtl_nograph] fold 7: train 2019-01-04..2024-09-27 | val 2024-10-04..2025-03-28 | predict 2025-04-04..2025-06-27
13:08:22 [mtl_nograph] fold 7 done: best epochs [9]
13:08:22 [mtl_nograph] fold 8: train 2019-01-04..2024-12-27 | val 2025-01-03..2025-06-27 | predict 2025-07-04..2025-09-26
13:17:35 [mtl_nograph] fold 8 done: best epochs [1]
13:17:35 [mtl_nograph] fold 9: train 2019-01-04..2025-03-28 | val 2025-04-04..2025-09-26 | predict 2025-10-03..2025-12-26
13:26:46 [mtl_nograph] fold 9 done: best epochs [1]
13:26:46 [mtl_nograph] fold 10: train 2019-01-04..2025-06-27 | val 2025-07-04..2025-12-26 | predict 2026-01-02..2026-03-27
13:37:58 [mtl_nograph] fold 10 done: best epochs [1]
13:37:58 [mtl_nograph] fold 11: train 2019-01-04..2025-09-26 | val 2025-10-03..2026-03-27 | predict 2026-04-03..2026-06-26
14:04:15 [mtl_nograph] fold 11 done: best epochs [29]
14:04:15 [mtl_nograph] fold 12: train 2019-01-04..2025-12-26 | val 2026-01-02..2026-06-26 | predict 2026-07-03..2026-09-11
14:25:56 [mtl_nograph] fold 12 done: best epochs [23]
14:25:57 saved mtl_nograph: 167 weeks
14:25:57 [mtl_ret_only] fold 0: train 2019-01-04..2022-12-30 | val 2023-01-06..2023-06-30 | predict 2023-07-07..2023-09-29
